=== 1/mu = 15 mm
  nominal (shield, torus, pend cyl, gap 2)   phimax=0.9999 res=2e-12 (19s)
     axis, mouth z=92: 8.115e-01  axis z=77 (mirror top): 8.889e-02  r=30 z=60: 2.165e-01  r=30 z=47.4 (pend top): 9.341e-02  r=30 z=34.2 (pend ctr ht): 2.979e-02  r=40 z=34.2: 1.761e-02  outside r=60 z=92: 6.704e-01  outside r=78.6 z=100: 9.311e-01  chamber ctr r=0 z=200: 9.998e-01
  no shield                                  phimax=1.0000 res=2e-12 (18s)
     axis, mouth z=92: 9.212e-01  axis z=77 (mirror top): 1.136e-01  r=30 z=60: 6.232e-01  r=30 z=47.4 (pend top): 3.499e-01  r=30 z=34.2 (pend ctr ht): 1.498e-01  r=40 z=34.2: 1.272e-01  outside r=60 z=92: 9.331e-01  outside r=78.6 z=100: 9.655e-01  chamber ctr r=0 z=200: 9.998e-01
  no torus                                   phimax=0.9999 res=2e-12 (18s)
     axis, mouth z=92: 8.126e-01  axis z=77 (mirror top): 8.904e-02  r=30 z=60: 2.171e-01  r=30 z=47.4 (pend top): 9.368e-02  r=30 z=34.2 (pend ctr ht): 2.988e-02  r=40 z=34.2: 1.767e-02  outside r=60 z=92: 7.456e-01  outside r=78.6 z=100: 9.715e-01  chamber ctr r=0 z=200: 9.998e-01
  gap 5 mm                                   phimax=0.9999 res=2e-12 (18s)
     axis, mouth z=92: 7.972e-01  axis z=77 (mirror top): 8.665e-02  r=30 z=60: 2.069e-01  r=30 z=47.4 (pend top): 8.936e-02  r=30 z=34.2 (pend ctr ht): 2.850e-02  r=40 z=34.2: 1.684e-02  outside r=60 z=92: 6.334e-01  outside r=78.6 z=100: 9.257e-01  chamber ctr r=0 z=200: 9.998e-01
  pend none                                  phimax=0.9999 res=1e-11 (18s)
     axis, mouth z=92: 9.148e-01  axis z=77 (mirror top): 8.622e-01  r=30 z=60: 4.797e-01  r=30 z=47.4 (pend top): 4.330e-01  r=30 z=34.2 (pend ctr ht): 3.658e-01  r=40 z=34.2: 1.529e-01  outside r=60 z=92: 6.714e-01  outside r=78.6 z=100: 9.313e-01  chamber ctr r=0 z=200: 9.998e-01
=== 1/mu = 20 mm
  nominal (shield, torus, pend cyl, gap 2)   phimax=0.9989 res=3e-12 (18s)
     axis, mouth z=92: 6.363e-01  axis z=77 (mirror top): 6.057e-02  r=30 z=60: 1.082e-01  r=30 z=47.4 (pend top): 4.086e-02  r=30 z=34.2 (pend ctr ht): 1.133e-02  r=40 z=34.2: 6.627e-03  outside r=60 z=92: 5.574e-01  outside r=78.6 z=100: 8.547e-01  chamber ctr r=0 z=200: 9.980e-01
  no shield                                  phimax=0.9993 res=3e-12 (19s)
     axis, mouth z=92: 8.467e-01  axis z=77 (mirror top): 9.652e-02  r=30 z=60: 4.476e-01  r=30 z=47.4 (pend top): 2.186e-01  r=30 z=34.2 (pend ctr ht): 7.932e-02  r=40 z=34.2: 6.747e-02  outside r=60 z=92: 8.566e-01  outside r=78.6 z=100: 9.176e-01  chamber ctr r=0 z=200: 9.982e-01
  no torus                                   phimax=0.9991 res=3e-12 (18s)
     axis, mouth z=92: 6.413e-01  axis z=77 (mirror top): 6.116e-02  r=30 z=60: 1.096e-01  r=30 z=47.4 (pend top): 4.140e-02  r=30 z=34.2 (pend ctr ht): 1.148e-02  r=40 z=34.2: 6.715e-03  outside r=60 z=92: 6.629e-01  outside r=78.6 z=100: 9.356e-01  chamber ctr r=0 z=200: 9.980e-01
  gap 5 mm                                   phimax=0.9988 res=4e-12 (18s)
     axis, mouth z=92: 6.090e-01  axis z=77 (mirror top): 5.715e-02  r=30 z=60: 9.894e-02  r=30 z=47.4 (pend top): 3.742e-02  r=30 z=34.2 (pend ctr ht): 1.037e-02  r=40 z=34.2: 6.066e-03  outside r=60 z=92: 5.199e-01  outside r=78.6 z=100: 8.455e-01  chamber ctr r=0 z=200: 9.979e-01
  pend none                                  phimax=0.9989 res=1e-11 (17s)
     axis, mouth z=92: 7.413e-01  axis z=77 (mirror top): 5.946e-01  r=30 z=60: 2.306e-01  r=30 z=47.4 (pend top): 1.702e-01  r=30 z=34.2 (pend ctr ht): 1.179e-01  r=40 z=34.2: 4.749e-02  outside r=60 z=92: 5.588e-01  outside r=78.6 z=100: 8.551e-01  chamber ctr r=0 z=200: 9.980e-01
=== 1/mu = 30 mm
  nominal (shield, torus, pend cyl, gap 2)   phimax=0.9811 res=7e-12 (22s)
     axis, mouth z=92: 4.310e-01  axis z=77 (mirror top): 3.670e-02  r=30 z=60: 5.372e-02  r=30 z=47.4 (pend top): 1.856e-02  r=30 z=34.2 (pend ctr ht): 4.697e-03  r=40 z=34.2: 2.730e-03  outside r=60 z=92: 4.189e-01  outside r=78.6 z=100: 7.073e-01  chamber ctr r=0 z=200: 9.764e-01
  no shield                                  phimax=0.9874 res=7e-12 (21s)
     axis, mouth z=92: 6.893e-01  axis z=77 (mirror top): 7.162e-02  r=30 z=60: 2.791e-01  r=30 z=47.4 (pend top): 1.235e-01  r=30 z=34.2 (pend ctr ht): 4.037e-02  r=40 z=34.2: 3.444e-02  outside r=60 z=92: 7.046e-01  outside r=78.6 z=100: 8.001e-01  chamber ctr r=0 z=200: 9.793e-01
  no torus                                   phimax=0.9838 res=7e-12 (21s)
     axis, mouth z=92: 4.455e-01  axis z=77 (mirror top): 3.809e-02  r=30 z=60: 5.618e-02  r=30 z=47.4 (pend top): 1.940e-02  r=30 z=34.2 (pend ctr ht): 4.911e-03  r=40 z=34.2: 2.855e-03  outside r=60 z=92: 5.428e-01  outside r=78.6 z=100: 8.419e-01  chamber ctr r=0 z=200: 9.774e-01
  gap 5 mm                                   phimax=0.9802 res=8e-12 (20s)
     axis, mouth z=92: 4.007e-01  axis z=77 (mirror top): 3.354e-02  r=30 z=60: 4.738e-02  r=30 z=47.4 (pend top): 1.639e-02  r=30 z=34.2 (pend ctr ht): 4.148e-03  r=40 z=34.2: 2.409e-03  outside r=60 z=92: 3.860e-01  outside r=78.6 z=100: 6.946e-01  chamber ctr r=0 z=200: 9.758e-01
  pend none                                  phimax=0.9812 res=7e-12 (20s)
     axis, mouth z=92: 4.830e-01  axis z=77 (mirror top): 3.111e-01  r=30 z=60: 8.958e-02  r=30 z=47.4 (pend top): 5.314e-02  r=30 z=34.2 (pend ctr ht): 3.014e-02  r=40 z=34.2: 1.211e-02  outside r=60 z=92: 4.199e-01  outside r=78.6 z=100: 7.079e-01  chamber ctr r=0 z=200: 9.765e-01
=== 1/mu = 40 mm
  nominal (shield, torus, pend cyl, gap 2)   phimax=0.9162 res=1e-11 (19s)
     axis, mouth z=92: 3.224e-01  axis z=77 (mirror top): 2.638e-02  r=30 z=60: 3.626e-02  r=30 z=47.4 (pend top): 1.216e-02  r=30 z=34.2 (pend ctr ht): 2.984e-03  r=40 z=34.2: 1.731e-03  outside r=60 z=92: 3.177e-01  outside r=78.6 z=100: 5.523e-01  chamber ctr r=0 z=200: 9.067e-01
  no shield                                  phimax=0.9363 res=1e-11 (20s)
     axis, mouth z=92: 5.539e-01  axis z=77 (mirror top): 5.499e-02  r=30 z=60: 1.984e-01  r=30 z=47.4 (pend top): 8.483e-02  r=30 z=34.2 (pend ctr ht): 2.679e-02  r=40 z=34.2: 2.288e-02  outside r=60 z=92: 5.624e-01  outside r=78.6 z=100: 6.530e-01  chamber ctr r=0 z=200: 9.173e-01
  no torus                                   phimax=0.9254 res=1e-11 (20s)
     axis, mouth z=92: 3.446e-01  axis z=77 (mirror top): 2.836e-02  r=30 z=60: 3.935e-02  r=30 z=47.4 (pend top): 1.319e-02  r=30 z=34.2 (pend ctr ht): 3.238e-03  r=40 z=34.2: 1.878e-03  outside r=60 z=92: 4.359e-01  outside r=78.6 z=100: 7.077e-01  chamber ctr r=0 z=200: 9.130e-01
  gap 5 mm                                   phimax=0.9130 res=1e-11 (18s)
     axis, mouth z=92: 2.965e-01  axis z=77 (mirror top): 2.385e-02  r=30 z=60: 3.161e-02  r=30 z=47.4 (pend top): 1.061e-02  r=30 z=34.2 (pend ctr ht): 2.605e-03  r=40 z=34.2: 1.510e-03  outside r=60 z=92: 2.902e-01  outside r=78.6 z=100: 5.388e-01  chamber ctr r=0 z=200: 9.047e-01
  pend none                                  phimax=0.9166 res=1e-11 (17s)
     axis, mouth z=92: 3.552e-01  axis z=77 (mirror top): 2.122e-01  r=30 z=60: 5.632e-02  r=30 z=47.4 (pend top): 3.121e-02  r=30 z=34.2 (pend ctr ht): 1.661e-02  r=40 z=34.2: 6.679e-03  outside r=60 z=92: 3.185e-01  outside r=78.6 z=100: 5.529e-01  chamber ctr r=0 z=200: 9.070e-01
=== 1/mu = 50 mm
  nominal (shield, torus, pend cyl, gap 2)   phimax=0.7401 res=2e-11 (22s)
     axis, mouth z=92: 2.224e-01  axis z=77 (mirror top): 1.784e-02  r=30 z=60: 2.378e-02  r=30 z=47.4 (pend top): 7.870e-03  r=30 z=34.2 (pend ctr ht): 1.906e-03  r=40 z=34.2: 1.104e-03  outside r=60 z=92: 2.088e-01  outside r=78.6 z=100: 3.617e-01  chamber ctr r=0 z=200: 7.277e-01
  no shield                                  phimax=0.7861 res=1e-11 (21s)
     axis, mouth z=92: 4.054e-01  axis z=77 (mirror top): 3.917e-02  r=30 z=60: 1.346e-01  r=30 z=47.4 (pend top): 5.661e-02  r=30 z=34.2 (pend ctr ht): 1.759e-02  r=40 z=34.2: 1.502e-02  outside r=60 z=92: 3.984e-01  outside r=78.6 z=100: 4.593e-01  chamber ctr r=0 z=200: 7.601e-01
=== 1/mu = 60 mm
  nominal (shield, torus, pend cyl, gap 2)   phimax=0.0000 res=3e-13 (29s)
     axis, mouth z=92: 1.233e-12  axis z=77 (mirror top): 9.760e-14  r=30 z=60: 1.274e-13  r=30 z=47.4 (pend top): 4.182e-14  r=30 z=34.2 (pend ctr ht): 1.005e-14  r=40 z=34.2: 5.820e-15  outside r=60 z=92: 1.074e-12  outside r=78.6 z=100: 1.825e-12  chamber ctr r=0 z=200: 4.594e-12
  no shield                                  phimax=0.2680 res=1e-11 (28s)
     axis, mouth z=92: 1.224e-01  axis z=77 (mirror top): 1.159e-02  r=30 z=60: 3.836e-02  r=30 z=47.4 (pend top): 1.596e-02  r=30 z=34.2 (pend ctr ht): 4.914e-03  r=40 z=34.2: 4.195e-03  outside r=60 z=92: 1.148e-01  outside r=78.6 z=100: 1.297e-01  chamber ctr r=0 z=200: 2.559e-01
