Delta K_g = 7.5797e-11 N m/rad;  26 ppm <-> 1.97e-15 N m/rad

NOMINAL (h=1.5 mm, zd=200, gap=2):
 1/mu[cm]  dK'(shield)   dK'(no shield)  suppr.   dG/G per v^2[1/N]   v2_excl(26ppm)  (50ppm)   (300ppm)   free: v2(26ppm)
   1.5    2.702e-05     6.055e+00     4.5e-06   5.347e+03        4.86e-09       9.35e-09   5.61e-08     2.2e-14
   2.0    1.401e-05     2.945e+00     4.8e-06   3.696e+03        7.03e-09       1.35e-08   8.12e-08     3.3e-14
   3.0    5.118e-06     9.243e-01     5.5e-06   2.026e+03        1.28e-08       2.47e-08   1.48e-07     7.1e-14
   4.0    2.374e-06     3.578e-01     6.6e-06   1.253e+03        2.08e-08       3.99e-08   2.39e-07     1.4e-13
   5.0    9.471e-07     1.340e-01     7.1e-06   6.248e+02        4.16e-08       8.00e-08   4.80e-07     2.9e-13
   6.0    9.192e-08        --           --     7.276e+01        3.57e-07       6.87e-07   4.12e-06     --

Sensitivity runs (dK' shielded):
  h=2.0 zd=200 gap=2 1/mu=20 mm: dK' = 1.599e-05  (ratio to nominal 1.14)
  h=2.0 zd=200 gap=2 1/mu=40 mm: dK' = 2.774e-06  (ratio to nominal 1.17)
  h=1.0 zd=200 gap=2 1/mu=20 mm: dK' = 1.281e-05  (ratio to nominal 0.91)
  h=1.0 zd=200 gap=2 1/mu=40 mm: dK' = 2.224e-06  (ratio to nominal 0.94)
  h=1.5 zd=150 gap=2 1/mu=40 mm: dK' = 2.381e-06  (ratio to nominal 1.00)
  h=1.5 zd=150 gap=2 1/mu=50 mm: dK' = 1.013e-06  (ratio to nominal 1.07)
  h=1.5 zd=150 gap=2 1/mu=60 mm: dK' = 2.801e-07  (ratio to nominal 3.05)
  h=1.5 zd=250 gap=2 1/mu=40 mm: dK' = 2.333e-06  (ratio to nominal 0.98)
  h=1.5 zd=250 gap=2 1/mu=50 mm: dK' = 6.762e-07  (ratio to nominal 0.71)
  h=1.5 zd=200 gap=6 1/mu=20 mm: dK' = 8.073e-06  (ratio to nominal 0.58)
  h=1.5 zd=200 gap=6 1/mu=40 mm: dK' = 1.054e-06  (ratio to nominal 0.44)
  h=1.5 zd=200 gap=12 1/mu=20 mm: dK' = 5.296e-05  (ratio to nominal 3.78)
  h=1.5 zd=200 gap=12 1/mu=40 mm: dK' = 1.562e-06  (ratio to nominal 0.66)

BEST ESTIMATE (h=1.5 value x 0.80 continuum correction from h=2.0/1.5/1.0 trend; nominal zd=200, gap=2):
 1/mu[cm]   dK'_best    dG/G per v^2 [1/N]   v2_excl: 26 ppm    50 ppm     300 ppm
   1.5     2.16e-05      4.278e+03             6.1e-09          1.2e-08    7.0e-08
   2.0     1.12e-05      2.957e+03             8.8e-09          1.7e-08    1.0e-07
   3.0     4.09e-06      1.620e+03             1.6e-08          3.1e-08    1.9e-07
   4.0     1.90e-06      1.002e+03             2.6e-08          5.0e-08    3.0e-07
   5.0     7.58e-07      4.998e+02             5.2e-08          1.0e-07    6.0e-07
   6.0     7.35e-08      5.821e+01             4.5e-07          8.6e-07    5.2e-06
   8.0     no condensation (chamber threshold 1/mu_c = 5.1-6.6 cm) -> no constraint
