grid 95 x 95 x 138 = 1.25M nodes
1/mu=20 near   E=305.831508738219 res=4.3e-13 phimax=0.9991  probes 6.493e-01 3.110e-01 3.044e-02 7.251e-02 4.733e-03 2.323e-02 5.813e-01 6.394e-01  (58s)
1/mu=20 far    E=305.831512240501 res=4.6e-13 phimax=0.9991  probes 6.493e-01 3.110e-01 7.247e-02 3.046e-02 2.322e-02 4.733e-03 5.813e-01 6.394e-01  (41s)
1/mu=20 near0  E=298.346043130049 res=4.6e-13 phimax=0.9997  probes 8.916e-01 5.142e-01 1.821e-01 7.267e-01 1.165e-01 5.706e-01 9.212e-01 9.899e-01  (59s)
1/mu=20 far0   E=299.082224135621 res=4.7e-13 phimax=0.9997  probes 8.879e-01 5.097e-01 5.380e-01 2.024e-01 3.576e-01 1.243e-01 9.239e-01 9.824e-01  (31s)
1/mu=20 nosph  E=303.453455012743 res=4.4e-13 phimax=0.9992  probes 6.502e-01 3.116e-01 3.052e-02 7.266e-02 4.745e-03 2.328e-02 6.404e-01 6.404e-01  (88s)
  => shielded: E_near - E_far = -3.5023e-06   Delta K' = 1.4009e-05 (v^2/mu)
  => no shield: E_near - E_far = -7.3618e-01   Delta K' = 2.9447e+00 (v^2/mu)
1/mu=30 near   E=124.654033557097 res=9.7e-13 phimax=0.9849  probes 4.474e-01 1.940e-01 1.473e-02 3.270e-02 1.949e-03 9.178e-03 4.539e-01 5.191e-01  (102s)
1/mu=30 far    E=124.654034836561 res=9.6e-13 phimax=0.9849  probes 4.474e-01 1.940e-01 3.265e-02 1.475e-02 9.169e-03 1.949e-03 4.539e-01 5.191e-01  (57s)
1/mu=30 near0  E=121.959906134640 res=9.6e-13 phimax=0.9929  probes 7.949e-01 4.330e-01 1.293e-01 5.269e-01 7.037e-02 3.645e-01 8.235e-01 9.395e-01  (63s)
1/mu=30 far0   E=122.190971875938 res=1.0e-12 phimax=0.9926  probes 7.843e-01 4.235e-01 3.467e-01 1.463e-01 1.980e-01 7.357e-02 8.236e-01 9.219e-01  (54s)
1/mu=30 nosph  E=123.888529861653 res=1.0e-12 phimax=0.9852  probes 4.505e-01 1.954e-01 1.488e-02 3.298e-02 1.967e-03 9.258e-03 5.224e-01 5.224e-01  (96s)
  => shielded: E_near - E_far = -1.2795e-06   Delta K' = 5.1179e-06 (v^2/mu)
  => no shield: E_near - E_far = -2.3107e-01   Delta K' = 9.2426e-01 (v^2/mu)
1/mu=40 near   E=60.705120620218 res=5.0e-12 phimax=0.9300  probes 3.435e-01 1.437e-01 1.006e-02 2.187e-02 1.265e-03 5.877e-03 3.580e-01 4.143e-01  (71s)
1/mu=40 far    E=60.705121213706 res=1.2e-12 phimax=0.9300  probes 3.435e-01 1.437e-01 2.183e-02 1.009e-02 5.869e-03 1.265e-03 3.580e-01 4.143e-01  (40s)
1/mu=40 near0  E=59.507936749981 res=1.5e-12 phimax=0.9588  probes 6.921e-01 3.640e-01 9.844e-02 3.921e-01 4.862e-02 2.532e-01 7.106e-01 8.374e-01  (76s)
1/mu=40 far0   E=59.597375622344 res=1.5e-12 phimax=0.9577  probes 6.785e-01 3.534e-01 2.525e-01 1.116e-01 1.345e-01 5.059e-02 7.079e-01 8.150e-01  (50s)
1/mu=40 nosph  E=60.499933047058 res=2.1e-12 phimax=0.9318  probes 3.485e-01 1.460e-01 1.026e-02 2.224e-02 1.288e-03 5.979e-03 4.207e-01 4.207e-01  (52s)
  => shielded: E_near - E_far = -5.9349e-07   Delta K' = 2.3740e-06 (v^2/mu)
  => no shield: E_near - E_far = -8.9439e-02   Delta K' = 3.5776e-01 (v^2/mu)
1/mu=15 near   E=551.064581886301 res=2.4e-13 phimax=0.9999  probes 8.220e-01 4.453e-01 6.429e-02 1.728e-01 1.307e-02 6.823e-02 6.820e-01 7.236e-01  (56s)
1/mu=15 far    E=551.064588641125 res=2.6e-13 phimax=0.9999  probes 8.220e-01 4.453e-01 1.728e-01 6.430e-02 6.823e-02 1.307e-02 6.820e-01 7.235e-01  (25s)
1/mu=15 near0  E=645.607741105823 res=1.5e+02 phimax=0.9999  probes 8.203e-01 4.434e-01 1.709e-01 5.462e-02 6.668e-02 5.287e-03 6.808e-01 7.218e-01  (300s)
1/mu=15 far0   E=537.035281428704 res=3.1e-13 phimax=1.0000  probes 9.350e-01 5.633e-01 7.230e-01 2.500e-01 5.671e-01 1.853e-01 9.658e-01 9.957e-01  (51s)
1/mu=15 nosph  E=546.033259434620 res=2.7e-13 phimax=0.9999  probes 8.221e-01 4.455e-01 6.432e-02 1.728e-01 1.307e-02 6.826e-02 7.237e-01 7.238e-01  (41s)
  => shielded: E_near - E_far = -6.7548e-06   Delta K' = 2.7019e-05 (v^2/mu)
  => no shield: E_near - E_far = 1.0857e+02   Delta K' = -4.3429e+02 (v^2/mu)
1/mu=50 near   E=33.569578593819 res=1.5e-12 phimax=0.7875  probes 2.514e-01 1.033e-01 6.952e-03 1.497e-02 8.536e-04 3.943e-03 2.515e-01 2.896e-01  (55s)
1/mu=50 far    E=33.569578830598 res=1.6e-12 phimax=0.7875  probes 2.514e-01 1.033e-01 1.493e-02 6.971e-03 3.937e-03 8.539e-04 2.515e-01 2.896e-01  (23s)
1/mu=50 near0  E=33.085758160660 res=1.9e-12 phimax=0.8549  probes 5.597e-01 2.869e-01 7.211e-02 2.783e-01 3.310e-02 1.715e-01 5.598e-01 6.683e-01  (44s)
1/mu=50 far0   E=33.119249015757 res=2.2e-12 phimax=0.8522  probes 5.460e-01 2.773e-01 1.803e-01 8.115e-02 9.178e-02 3.423e-02 5.548e-01 6.457e-01  (24s)
1/mu=50 nosph  E=33.561465159848 res=1.7e-12 phimax=0.7952  probes 2.586e-01 1.064e-01 7.190e-03 1.544e-02 8.817e-04 4.069e-03 2.992e-01 2.992e-01  (27s)
  => shielded: E_near - E_far = -2.3678e-07   Delta K' = 9.4712e-07 (v^2/mu)
  => no shield: E_near - E_far = -3.3491e-02   Delta K' = 1.3396e-01 (v^2/mu)
