h=0.050 F0=1.2005
frame ring alone (no membrane): signal S/F0=0.5099  static force without source=+0.4719
S = F(source) - F(no source); static = F(no source) (constant offset, not modulated)
kappa/mu=0.001  full-width: S/F0=0.9992 (1-S/F0=+8.04e-04) static=+0.0011 | framed W=1.5: S/F0=0.5096 static=+0.4723
kappa/mu=0.01   full-width: S/F0=0.9920 (1-S/F0=+8.02e-03) static=+0.0110 | framed W=1.5: S/F0=0.5065 static=+0.4765
kappa/mu=0.03   full-width: S/F0=0.9761 (1-S/F0=+2.39e-02) static=+0.0326 | framed W=1.5: S/F0=0.4997 static=+0.4855
kappa/mu=0.1    full-width: S/F0=0.9224 (1-S/F0=+7.76e-02) static=+0.1048 | framed W=1.5: S/F0=0.4770 static=+0.5160
kappa/mu=0.3    full-width: S/F0=0.7838 (1-S/F0=+2.16e-01) static=+0.2846 | framed W=1.5: S/F0=0.4190 static=+0.5933
kappa/mu=1      full-width: S/F0=0.4428 (1-S/F0=+5.57e-01) static=+0.6754 | framed W=1.5: S/F0=0.2771 static=+0.7799
kappa/mu=3      full-width: S/F0=0.1044 (1-S/F0=+8.96e-01) static=+0.9267 | framed W=1.5: S/F0=0.1097 static=+0.9901
kappa/mu=10     full-width: S/F0=0.0011 (1-S/F0=+9.99e-01) static=+0.8589 | framed W=1.5: S/F0=0.0147 static=+1.0842
kappa/mu=30     full-width: S/F0=-0.0034 (1-S/F0=+1.00e+00) static=+0.7870 | framed W=1.5: S/F0=-0.0024 static=+1.0798
kappa/mu=100    full-width: S/F0=-0.0014 (1-S/F0=+1.00e+00) static=+0.7557 | framed W=1.5: S/F0=-0.0043 static=+1.0675
threshold R_c (R=L_half) with membrane kappa=0: 3.335
threshold R_c (R=L_half) with membrane kappa=0.1: 3.359
threshold R_c (R=L_half) with membrane kappa=1: 3.497
Dirichlet ring grid s=0.10 a=0.001: S/F0=-0.0037  | homogenised Robin kappa=22.71: S/F0=-0.0037
Dirichlet ring grid s=0.20 a=0.001: S/F0=0.0028  | homogenised Robin kappa=9.08: S/F0=0.0031
Dirichlet ring grid s=0.50 a=0.001: S/F0=0.0999  | homogenised Robin kappa=2.87: S/F0=0.1134
Dirichlet ring grid s=1.00 a=0.001: S/F0=0.2993  | homogenised Robin kappa=1.24: S/F0=0.3659
