h=0.0500 F0=1.20046
pairW1  kappa=1       residual=+6.393e-01  (4s)
pairW1  kappa=3       residual=+3.189e-01  (4s)
pairW1  kappa=10      residual=+8.477e-02  (4s)
pairW1  kappa=30      residual=+2.205e-02  (4s)
pairW1  kappa=100     residual=+6.373e-03  (4s)
pairW1  kappa=300     residual=+2.822e-03  (4s)
pairW1  kappa=1000    residual=+1.690e-03  (4s)
pairW1  kappa=3000    residual=+1.378e-03  (4s)
pairW1  kappa=10000   residual=+1.270e-03  (2s)
pairW1  Dirichlet     residual=+1.224e-03
pairW2  kappa=1       residual=+4.833e-01  (2s)
pairW2  kappa=3       residual=+1.495e-01  (2s)
pairW2  kappa=10      residual=+1.985e-02  (2s)
pairW2  kappa=30      residual=+3.100e-03  (2s)
pairW2  kappa=100     residual=+5.536e-04  (2s)
pairW2  kappa=300     residual=+1.489e-04  (3s)
pairW2  kappa=1000    residual=+4.132e-05  (2s)
pairW2  kappa=3000    residual=+1.383e-05  (2s)
pairW2  kappa=10000   residual=+4.547e-06  (3s)
pairW2  Dirichlet     residual=+6.255e-07
can0    kappa=1       residual=+6.543e-01  (2s)
can0    kappa=3       residual=+3.342e-01  (2s)
can0    kappa=10      residual=+7.915e-02  (2s)
can0    kappa=30      residual=+1.223e-02  (2s)
can0    kappa=100     residual=+1.198e-03  (2s)
can0    kappa=300     residual=+1.343e-04  (2s)
can0    kappa=1000    residual=+1.207e-05  (2s)
can0    kappa=3000    residual=+1.340e-06  (2s)
can0    kappa=10000   residual=+1.206e-07  (2s)
can0    Dirichlet     residual=+0.000e+00
can1    kappa=1       residual=+6.538e-01  (2s)
can1    kappa=3       residual=+3.337e-01  (1s)
can1    kappa=10      residual=+7.894e-02  (1s)
can1    kappa=30      residual=+1.218e-02  (2s)
can1    kappa=100     residual=+1.188e-03  (2s)
can1    kappa=300     residual=+1.313e-04  (2s)
can1    kappa=1000    residual=+1.093e-05  (2s)
can1    kappa=3000    residual=+6.655e-07  (2s)
can1    kappa=10000   residual=-3.987e-07  (2s)
can1    Dirichlet     residual=-4.539e-07
can2    kappa=1       residual=+6.518e-01  (2s)
can2    kappa=3       residual=+3.313e-01  (2s)
can2    kappa=10      residual=+7.773e-02  (2s)
can2    kappa=30      residual=+1.180e-02  (2s)
can2    kappa=100     residual=+1.076e-03  (2s)
can2    kappa=300     residual=+7.839e-05  (2s)
can2    kappa=1000    residual=-2.384e-05  (2s)
can2    kappa=3000    residual=-2.922e-05  (2s)
can2    kappa=10000   residual=-2.860e-05  (2s)
can2    Dirichlet     residual=-2.794e-05
done
