h=0.0250 F0=1.19633
pairW1  kappa=1       residual=+6.422e-01  (21s)
pairW1  kappa=3       residual=+3.227e-01  (14s)
pairW1  kappa=10      residual=+8.672e-02  (14s)
pairW1  kappa=30      residual=+2.274e-02  (14s)
pairW1  kappa=100     residual=+6.637e-03  (10s)
pairW1  kappa=300     residual=+2.976e-03  (14s)
pairW1  kappa=1000    residual=+1.809e-03  (14s)
pairW1  kappa=3000    residual=+1.486e-03  (14s)
pairW1  kappa=10000   residual=+1.375e-03  (14s)
pairW1  Dirichlet     residual=+1.327e-03
pairW2  kappa=1       residual=+4.845e-01  (22s)
pairW2  kappa=3       residual=+1.506e-01  (15s)
pairW2  kappa=10      residual=+2.012e-02  (18s)
pairW2  kappa=30      residual=+3.152e-03  (22s)
pairW2  kappa=100     residual=+5.644e-04  (22s)
pairW2  kappa=300     residual=+1.519e-04  (23s)
pairW2  kappa=1000    residual=+4.212e-05  (28s)
pairW2  kappa=3000    residual=+1.411e-05  (27s)
pairW2  kappa=10000   residual=+4.656e-06  (22s)
pairW2  Dirichlet     residual=+6.620e-07
can0    kappa=1       residual=+6.540e-01  (22s)
can0    kappa=3       residual=+3.341e-01  (22s)
can0    kappa=10      residual=+7.924e-02  (24s)
can0    kappa=30      residual=+1.229e-02  (18s)
can0    kappa=100     residual=+1.209e-03  (7s)
can0    kappa=300     residual=+1.359e-04  (6s)
can0    kappa=1000    residual=+1.223e-05  (7s)
can0    kappa=3000    residual=+1.358e-06  (10s)
can0    kappa=10000   residual=+1.222e-07  (14s)
can0    Dirichlet     residual=+0.000e+00
can1    kappa=1       residual=+6.534e-01  (22s)
can1    kappa=3       residual=+3.334e-01  (22s)
can1    kappa=10      residual=+7.894e-02  (22s)
can1    kappa=30      residual=+1.221e-02  (16s)
can1    kappa=100     residual=+1.194e-03  (15s)
can1    kappa=300     residual=+1.315e-04  (16s)
can1    kappa=1000    residual=+1.057e-05  (17s)
can1    kappa=3000    residual=+3.934e-07  (14s)
can1    kappa=10000   residual=-6.110e-07  (22s)
can1    Dirichlet     residual=-6.360e-07
can2    kappa=1       residual=+6.512e-01  (25s)
can2    kappa=3       residual=+3.306e-01  (36s)
can2    kappa=10      residual=+7.756e-02  (26s)
can2    kappa=30      residual=+1.178e-02  (24s)
can2    kappa=100     residual=+1.062e-03  (14s)
can2    kappa=300     residual=+6.934e-05  (15s)
can2    kappa=1000    residual=-2.989e-05  (14s)
can2    kappa=3000    residual=-3.418e-05  (11s)
can2    kappa=10000   residual=-3.316e-05  (13s)
can2    Dirichlet     residual=-3.232e-05
done
