h=0.0500 F0=1.20046
pairW1  m=25    mt=0.3  residual=+1.176e-01 (2s)
pairW1  m=25    mt=1    residual=+2.349e-02 (2s)
pairW1  m=25    mt=2    residual=+8.213e-03 (2s)
pairW1  m=25    mt=3    residual=+4.378e-03 (2s)
pairW1  m=25    mt=5    residual=+2.636e-03 (2s)
pairW1  m=25    mt=8    residual=+2.386e-03 (2s)
pairW1  m=50    mt=0.3  residual=+5.017e-02 (2s)
pairW1  m=50    mt=1    residual=+1.101e-02 (2s)
pairW1  m=50    mt=2    residual=+4.456e-03 (2s)
pairW1  m=50    mt=3    residual=+2.703e-03 (2s)
pairW1  m=50    mt=5    residual=+1.884e-03 (2s)
pairW1  m=50    mt=8    residual=+1.765e-03 (2s)
pairW1  m=100   mt=0.3  residual=+2.174e-02 (2s)
pairW1  m=100   mt=1    residual=+5.712e-03 (2s)
pairW1  m=100   mt=2    residual=+2.765e-03 (4s)
pairW1  m=100   mt=3    residual=+1.937e-03 (4s)
pairW1  m=100   mt=5    residual=+1.543e-03 (4s)
pairW1  m=100   mt=8    residual=+1.485e-03 (5s)
pairW1  m=200   mt=0.3  residual=+1.024e-02 (4s)
pairW1  m=200   mt=1    residual=+3.358e-03 (3s)
pairW1  m=200   mt=2    residual=+1.975e-03 (2s)
pairW1  m=200   mt=3    residual=+1.574e-03 (2s)
pairW1  m=200   mt=5    residual=+1.381e-03 (2s)
pairW1  m=200   mt=8    residual=+1.353e-03 (3s)
pairW1  m=400   mt=0.3  residual=+5.388e-03 (2s)
pairW1  m=400   mt=1    residual=+2.262e-03 (2s)
pairW1  m=400   mt=2    residual=+1.595e-03 (3s)
pairW1  m=400   mt=3    residual=+1.398e-03 (4s)
pairW1  m=400   mt=5    residual=+1.302e-03 (4s)
pairW1  m=400   mt=8    residual=+1.288e-03 (4s)
pairW1  m=800   mt=0.3  residual=+3.215e-03 (4s)
pairW1  m=800   mt=1    residual=+1.736e-03 (4s)
pairW1  m=800   mt=2    residual=+1.408e-03 (4s)
pairW1  m=800   mt=3    residual=+1.310e-03 (4s)
pairW1  m=800   mt=5    residual=+1.263e-03 (4s)
pairW1  m=800   mt=8    residual=+1.256e-03 (4s)
pairW1  m=1600  mt=0.3  residual=+2.196e-03 (4s)
pairW1  m=1600  mt=1    residual=+1.478e-03 (4s)
pairW1  m=1600  mt=2    residual=+1.316e-03 (4s)
pairW1  m=1600  mt=3    residual=+1.267e-03 (4s)
pairW1  m=1600  mt=5    residual=+1.244e-03 (4s)
pairW1  m=1600  mt=8    residual=+1.240e-03 (4s)
pairW2  m=25    mt=0.3  residual=+3.214e-02 (4s)
pairW2  m=25    mt=1    residual=+3.378e-03 (4s)
pairW2  m=25    mt=2    residual=+7.363e-04 (4s)
pairW2  m=25    mt=3    residual=+2.312e-04 (5s)
pairW2  m=25    mt=5    residual=+3.045e-05 (5s)
pairW2  m=25    mt=8    residual=+3.194e-06 (5s)
pairW2  m=50    mt=0.3  residual=+9.558e-03 (5s)
pairW2  m=50    mt=1    residual=+1.183e-03 (5s)
pairW2  m=50    mt=2    residual=+2.932e-04 (5s)
pairW2  m=50    mt=3    residual=+9.757e-05 (5s)
pairW2  m=50    mt=5    residual=+1.353e-05 (4s)
pairW2  m=50    mt=8    residual=+1.708e-06 (4s)
pairW2  m=100   mt=0.3  residual=+3.041e-03 (5s)
pairW2  m=100   mt=1    residual=+4.633e-04 (5s)
pairW2  m=100   mt=2    residual=+1.279e-04 (5s)
pairW2  m=100   mt=3    residual=+4.447e-05 (5s)
pairW2  m=100   mt=5    residual=+6.577e-06 (4s)
pairW2  m=100   mt=8    residual=+1.121e-06 (4s)
pairW2  m=200   mt=0.3  residual=+1.083e-03 (4s)
pairW2  m=200   mt=1    residual=+1.996e-04 (4s)
pairW2  m=200   mt=2    residual=+5.942e-05 (4s)
pairW2  m=200   mt=3    residual=+2.138e-05 (4s)
pairW2  m=200   mt=5    residual=+3.476e-06 (4s)
pairW2  m=200   mt=8    residual=+8.621e-07 (4s)
pairW2  m=400   mt=0.3  residual=+4.318e-04 (4s)
pairW2  m=400   mt=1    residual=+9.194e-05 (5s)
pairW2  m=400   mt=2    residual=+2.881e-05 (4s)
pairW2  m=400   mt=3    residual=+1.071e-05 (4s)
pairW2  m=400   mt=5    residual=+2.020e-06 (4s)
pairW2  m=400   mt=8    residual=+7.411e-07 (4s)
pairW2  m=800   mt=0.3  residual=+1.887e-04 (4s)
pairW2  m=800   mt=1    residual=+4.423e-05 (4s)
pairW2  m=800   mt=2    residual=+1.441e-05 (4s)
pairW2  m=800   mt=3    residual=+5.594e-06 (4s)
pairW2  m=800   mt=5    residual=+1.315e-06 (4s)
pairW2  m=800   mt=8    residual=+6.826e-07 (4s)
pairW2  m=1600  mt=0.3  residual=+8.773e-05 (4s)
pairW2  m=1600  mt=1    residual=+2.192e-05 (4s)
pairW2  m=1600  mt=2    residual=+7.441e-06 (4s)
pairW2  m=1600  mt=3    residual=+3.091e-06 (4s)
pairW2  m=1600  mt=5    residual=+9.681e-07 (5s)
pairW2  m=1600  mt=8    residual=+6.539e-07 (4s)
can0    m=25    mt=0.3  residual=+6.054e-02 (4s)
can0    m=25    mt=1    residual=+7.960e-03 (3s)
can0    m=25    mt=2    residual=+9.283e-04 (4s)
can0    m=25    mt=3    residual=+1.232e-04 (4s)
can0    m=25    mt=5    residual=+2.250e-06 (4s)
can0    m=25    mt=8    residual=+5.577e-09 (3s)
can0    m=50    mt=0.3  residual=+2.604e-02 (2s)
can0    m=50    mt=1    residual=+2.622e-03 (2s)
can0    m=50    mt=2    residual=+2.916e-04 (1s)
can0    m=50    mt=3    residual=+3.849e-05 (1s)
can0    m=50    mt=5    residual=+7.023e-07 (1s)
can0    m=50    mt=8    residual=+1.741e-09 (1s)
can0    m=100   mt=0.3  residual=+9.029e-03 (1s)
can0    m=100   mt=1    residual=+7.565e-04 (1s)
can0    m=100   mt=2    residual=+8.183e-05 (1s)
can0    m=100   mt=3    residual=+1.076e-05 (1s)
can0    m=100   mt=5    residual=+1.963e-07 (1s)
can0    m=100   mt=8    residual=+4.865e-10 (1s)
can0    m=200   mt=0.3  residual=+2.700e-03 (1s)
can0    m=200   mt=1    residual=+2.032e-04 (1s)
can0    m=200   mt=2    residual=+2.166e-05 (1s)
can0    m=200   mt=3    residual=+2.844e-06 (1s)
can0    m=200   mt=5    residual=+5.185e-08 (1s)
can0    m=200   mt=8    residual=+1.285e-10 (1s)
can0    m=400   mt=0.3  residual=+7.405e-04 (1s)
can0    m=400   mt=1    residual=+5.266e-05 (1s)
can0    m=400   mt=2    residual=+5.570e-06 (1s)
can0    m=400   mt=3    residual=+7.308e-07 (1s)
can0    m=400   mt=5    residual=+1.332e-08 (1s)
can0    m=400   mt=8    residual=+3.302e-11 (2s)
can0    m=800   mt=0.3  residual=+1.940e-04 (2s)
can0    m=800   mt=1    residual=+1.340e-05 (2s)
can0    m=800   mt=2    residual=+1.412e-06 (2s)
can0    m=800   mt=3    residual=+1.852e-07 (2s)
can0    m=800   mt=5    residual=+3.375e-09 (2s)
can0    m=800   mt=8    residual=+8.366e-12 (2s)
can0    m=1600  mt=0.3  residual=+4.962e-05 (2s)
can0    m=1600  mt=1    residual=+3.380e-06 (3s)
can0    m=1600  mt=2    residual=+3.555e-07 (2s)
can0    m=1600  mt=3    residual=+4.660e-08 (2s)
can0    m=1600  mt=5    residual=+8.495e-10 (2s)
can0    m=1600  mt=8    residual=+2.105e-12 (2s)
can1    m=25    mt=0.3  residual=+6.039e-02 (2s)
can1    m=25    mt=1    residual=+7.906e-03 (3s)
can1    m=25    mt=2    residual=+9.071e-04 (4s)
can1    m=25    mt=3    residual=+1.131e-04 (4s)
can1    m=25    mt=5    residual=-2.070e-06 (4s)
can1    m=25    mt=8    residual=-3.417e-06 (4s)
can1    m=50    mt=0.3  residual=+2.596e-02 (4s)
can1    m=50    mt=1    residual=+2.600e-03 (4s)
can1    m=50    mt=2    residual=+2.837e-04 (4s)
can1    m=50    mt=3    residual=+3.456e-05 (4s)
can1    m=50    mt=5    residual=-1.183e-06 (4s)
can1    m=50    mt=8    residual=-1.576e-06 (4s)
can1    m=100   mt=0.3  residual=+8.989e-03 (4s)
can1    m=100   mt=1    residual=+7.475e-04 (4s)
can1    m=100   mt=2    residual=+7.841e-05 (4s)
can1    m=100   mt=3    residual=+8.941e-06 (4s)
can1    m=100   mt=5    residual=-8.454e-07 (4s)
can1    m=100   mt=8    residual=-9.250e-07 (4s)
can1    m=200   mt=0.3  residual=+2.683e-03 (4s)
can1    m=200   mt=1    residual=+1.992e-04 (3s)
can1    m=200   mt=2    residual=+1.994e-05 (3s)
can1    m=200   mt=3    residual=+1.800e-06 (3s)
can1    m=200   mt=5    residual=-6.642e-07 (3s)
can1    m=200   mt=8    residual=-6.674e-07 (2s)
can1    m=400   mt=0.3  residual=+7.330e-04 (2s)
can1    m=400   mt=1    residual=+5.058e-05 (2s)
can1    m=400   mt=2    residual=+4.540e-06 (2s)
can1    m=400   mt=3    residual=+5.543e-09 (2s)
can1    m=400   mt=5    residual=-5.638e-07 (2s)
can1    m=400   mt=8    residual=-5.552e-07 (2s)
can1    m=800   mt=0.3  residual=+1.903e-04 (3s)
can1    m=800   mt=1    residual=+1.218e-05 (3s)
can1    m=800   mt=2    residual=+6.844e-07 (2s)
can1    m=800   mt=3    residual=-3.984e-07 (2s)
can1    m=800   mt=5    residual=-5.102e-07 (3s)
can1    m=800   mt=8    residual=-5.032e-07 (3s)
can1    m=1600  mt=0.3  residual=+4.771e-05 (3s)
can1    m=1600  mt=1    residual=+2.557e-06 (4s)
can1    m=1600  mt=2    residual=-2.317e-07 (3s)
can1    m=1600  mt=3    residual=-4.707e-07 (2s)
can1    m=1600  mt=5    residual=-4.824e-07 (2s)
can1    m=1600  mt=8    residual=-4.782e-07 (2s)
can2    m=25    mt=0.3  residual=+5.956e-02 (2s)
can2    m=25    mt=1    residual=+7.554e-03 (2s)
can2    m=25    mt=2    residual=+7.346e-04 (2s)
can2    m=25    mt=3    residual=-1.392e-06 (2s)
can2    m=25    mt=5    residual=-8.731e-05 (3s)
can2    m=25    mt=8    residual=-8.428e-05 (2s)
can2    m=50    mt=0.3  residual=+2.542e-02 (3s)
can2    m=50    mt=1    residual=+2.417e-03 (4s)
can2    m=50    mt=2    residual=+1.902e-04 (4s)
can2    m=50    mt=3    residual=-3.250e-05 (4s)
can2    m=50    mt=5    residual=-5.535e-05 (4s)
can2    m=50    mt=8    residual=-5.383e-05 (4s)
can2    m=100   mt=0.3  residual=+8.691e-03 (3s)
can2    m=100   mt=1    residual=+6.471e-04 (2s)
can2    m=100   mt=2    residual=+2.025e-05 (3s)
can2    m=100   mt=3    residual=-3.708e-05 (2s)
can2    m=100   mt=5    residual=-4.102e-05 (3s)
can2    m=100   mt=8    residual=-4.024e-05 (3s)
can2    m=200   mt=0.3  residual=+2.524e-03 (4s)
can2    m=200   mt=1    residual=+1.370e-04 (4s)
can2    m=200   mt=2    residual=-2.219e-05 (4s)
can2    m=200   mt=3    residual=-3.460e-05 (4s)
can2    m=200   mt=5    residual=-3.432e-05 (5s)
can2    m=200   mt=8    residual=-3.392e-05 (6s)
can2    m=400   mt=0.3  residual=+6.428e-04 (6s)
can2    m=400   mt=1    residual=+6.337e-06 (6s)
can2    m=400   mt=2    residual=-3.008e-05 (7s)
can2    m=400   mt=3    residual=-3.185e-05 (6s)
can2    m=400   mt=5    residual=-3.109e-05 (6s)
can2    m=400   mt=8    residual=-3.089e-05 (5s)
can2    m=800   mt=0.3  residual=+1.326e-04 (6s)
can2    m=800   mt=1    residual=-2.353e-05 (4s)
can2    m=800   mt=2    residual=-3.032e-05 (4s)
can2    m=800   mt=3    residual=-3.005e-05 (4s)
can2    m=800   mt=5    residual=-2.951e-05 (5s)
can2    m=800   mt=8    residual=-2.941e-05 (4s)
can2    m=1600  mt=0.3  residual=+5.439e-06 (4s)
can2    m=1600  mt=1    residual=-2.900e-05 (4s)
can2    m=1600  mt=2    residual=-2.947e-05 (4s)
can2    m=1600  mt=3    residual=-2.903e-05 (4s)
can2    m=1600  mt=5    residual=-2.872e-05 (4s)
can2    m=1600  mt=8    residual=-2.867e-05 (4s)
done
