sphere-source reference: S = 1.2005 v^2 (8.10 kg Cu at 14 cm); F_N on 1.01 kg = 2.80e-8 N, on 0.20 kg hollow = 5.5e-9 N

--- Cu foil disk radius W=0.5/mu (5 cm), centre-to-foil 0.7/mu (gap 4 cm at 1/mu=10 cm) ---
kappa/mu=1     F_scalar=0.2680 v^2 | M= 6 TeV: t=    0.4 um m=   0.0 g F_N(0.2 kg)=5.1e-14 N  F_sc/F_N@T2=1.3 | M=15 TeV: t=    2.3 um m=   0.2 g F_N(0.2 kg)=3.2e-13 N  F_sc/F_N@T2=0.2 | M=36 TeV: t=   13.1 um m=   0.9 g F_N(0.2 kg)=1.8e-12 N  F_sc/F_N@T2=0.035
kappa/mu=3     F_scalar=0.6015 v^2 | M= 6 TeV: t=    1.1 um m=   0.1 g F_N(0.2 kg)=1.5e-13 N  F_sc/F_N@T2=0.95 | M=15 TeV: t=    6.8 um m=   0.5 g F_N(0.2 kg)=9.5e-13 N  F_sc/F_N@T2=0.15 | M=36 TeV: t=   39.2 um m=   2.8 g F_N(0.2 kg)=5.5e-12 N  F_sc/F_N@T2=0.026
kappa/mu=10    F_scalar=1.0404 v^2 | M= 6 TeV: t=    3.6 um m=   0.3 g F_N(0.2 kg)=5.1e-13 N  F_sc/F_N@T2=0.49 | M=15 TeV: t=   22.7 um m=   1.6 g F_N(0.2 kg)=3.2e-12 N  F_sc/F_N@T2=0.079 | M=36 TeV: t=  130.7 um m=   9.2 g F_N(0.2 kg)=1.8e-11 N  F_sc/F_N@T2=0.014
kappa/mu=30    F_scalar=1.2910 v^2 | M= 6 TeV: t=   10.9 um m=   0.8 g F_N(0.2 kg)=1.5e-12 N  F_sc/F_N@T2=0.2 | M=15 TeV: t=   68.1 um m=   4.8 g F_N(0.2 kg)=9.5e-12 N  F_sc/F_N@T2=0.033 | M=36 TeV: t=  392.0 um m=  27.6 g F_N(0.2 kg)=5.5e-11 N  F_sc/F_N@T2=0.0056
kappa/mu=100   F_scalar=1.4017 v^2 | M= 6 TeV: t=   36.3 um m=   2.6 g F_N(0.2 kg)=5.1e-12 N  F_sc/F_N@T2=0.066 | M=15 TeV: t=  226.9 um m=  16.0 g F_N(0.2 kg)=3.2e-11 N  F_sc/F_N@T2=0.011 | M=36 TeV: t= 1306.7 um m=  92.0 g F_N(0.2 kg)=1.8e-10 N  F_sc/F_N@T2=0.0018
kappa/mu=300   F_scalar=1.4358 v^2 | M= 6 TeV: t=  108.9 um m=   7.7 g F_N(0.2 kg)=1.5e-11 N  F_sc/F_N@T2=0.023 | M=15 TeV: t=  680.6 um m=  47.9 g F_N(0.2 kg)=9.5e-11 N  F_sc/F_N@T2=0.0036 | M=36 TeV: t= 3920.2 um m= 275.9 g F_N(0.2 kg)=5.5e-10 N  F_sc/F_N@T2=0.00063
kappa/mu=Dir   F_scalar=1.4535 v^2

--- Cu foil disk radius W=1.0/mu (10 cm), centre-to-foil 0.7/mu (gap 4 cm at 1/mu=10 cm) ---
kappa/mu=1     F_scalar=0.5150 v^2 | M= 6 TeV: t=    0.4 um m=   0.1 g F_N(0.2 kg)=1.2e-13 N  F_sc/F_N@T2=1.1 | M=15 TeV: t=    2.3 um m=   0.6 g F_N(0.2 kg)=7.3e-13 N  F_sc/F_N@T2=0.17 | M=36 TeV: t=   13.1 um m=   3.7 g F_N(0.2 kg)=4.2e-12 N  F_sc/F_N@T2=0.03
kappa/mu=3     F_scalar=0.9875 v^2 | M= 6 TeV: t=    1.1 um m=   0.3 g F_N(0.2 kg)=3.5e-13 N  F_sc/F_N@T2=0.68 | M=15 TeV: t=    6.8 um m=   1.9 g F_N(0.2 kg)=2.2e-12 N  F_sc/F_N@T2=0.11 | M=36 TeV: t=   39.2 um m=  11.0 g F_N(0.2 kg)=1.3e-11 N  F_sc/F_N@T2=0.019
kappa/mu=10    F_scalar=1.3463 v^2 | M= 6 TeV: t=    3.6 um m=   1.0 g F_N(0.2 kg)=1.2e-12 N  F_sc/F_N@T2=0.28 | M=15 TeV: t=   22.7 um m=   6.4 g F_N(0.2 kg)=7.3e-12 N  F_sc/F_N@T2=0.044 | M=36 TeV: t=  130.7 um m=  36.8 g F_N(0.2 kg)=4.2e-11 N  F_sc/F_N@T2=0.0077
kappa/mu=30    F_scalar=1.4347 v^2 | M= 6 TeV: t=   10.9 um m=   3.1 g F_N(0.2 kg)=3.5e-12 N  F_sc/F_N@T2=0.099 | M=15 TeV: t=   68.1 um m=  19.2 g F_N(0.2 kg)=2.2e-11 N  F_sc/F_N@T2=0.016 | M=36 TeV: t=  392.0 um m= 110.3 g F_N(0.2 kg)=1.3e-10 N  F_sc/F_N@T2=0.0027
kappa/mu=100   F_scalar=1.4467 v^2 | M= 6 TeV: t=   36.3 um m=  10.2 g F_N(0.2 kg)=1.2e-11 N  F_sc/F_N@T2=0.03 | M=15 TeV: t=  226.9 um m=  63.9 g F_N(0.2 kg)=7.3e-11 N  F_sc/F_N@T2=0.0048 | M=36 TeV: t= 1306.7 um m= 367.8 g F_N(0.2 kg)=4.2e-10 N  F_sc/F_N@T2=0.00083
kappa/mu=300   F_scalar=1.4461 v^2 | M= 6 TeV: t=  108.9 um m=  30.7 g F_N(0.2 kg)=3.5e-11 N  F_sc/F_N@T2=0.0099 | M=15 TeV: t=  680.6 um m= 191.6 g F_N(0.2 kg)=2.2e-10 N  F_sc/F_N@T2=0.0016 | M=36 TeV: t= 3920.2 um m=1103.5 g F_N(0.2 kg)=1.3e-09 N  F_sc/F_N@T2=0.00028
kappa/mu=Dir   F_scalar=1.4448 v^2

--- Cu foil disk radius W=1.0/mu (10 cm), centre-to-foil 1.0/mu (gap 7 cm at 1/mu=10 cm) ---
kappa/mu=1     F_scalar=0.3479 v^2 | M= 6 TeV: t=    0.4 um m=   0.1 g F_N(0.2 kg)=8.0e-14 N  F_sc/F_N@T2=1 | M=15 TeV: t=    2.3 um m=   0.6 g F_N(0.2 kg)=5.0e-13 N  F_sc/F_N@T2=0.17 | M=36 TeV: t=   13.1 um m=   3.7 g F_N(0.2 kg)=2.9e-12 N  F_sc/F_N@T2=0.029
kappa/mu=3     F_scalar=0.7158 v^2 | M= 6 TeV: t=    1.1 um m=   0.3 g F_N(0.2 kg)=2.4e-13 N  F_sc/F_N@T2=0.72 | M=15 TeV: t=    6.8 um m=   1.9 g F_N(0.2 kg)=1.5e-12 N  F_sc/F_N@T2=0.11 | M=36 TeV: t=   39.2 um m=  11.0 g F_N(0.2 kg)=8.6e-12 N  F_sc/F_N@T2=0.02
kappa/mu=10    F_scalar=1.0737 v^2 | M= 6 TeV: t=    3.6 um m=   1.0 g F_N(0.2 kg)=8.0e-13 N  F_sc/F_N@T2=0.32 | M=15 TeV: t=   22.7 um m=   6.4 g F_N(0.2 kg)=5.0e-12 N  F_sc/F_N@T2=0.052 | M=36 TeV: t=  130.7 um m=  36.8 g F_N(0.2 kg)=2.9e-11 N  F_sc/F_N@T2=0.009
kappa/mu=30    F_scalar=1.2175 v^2 | M= 6 TeV: t=   10.9 um m=   3.1 g F_N(0.2 kg)=2.4e-12 N  F_sc/F_N@T2=0.12 | M=15 TeV: t=   68.1 um m=  19.2 g F_N(0.2 kg)=1.5e-11 N  F_sc/F_N@T2=0.02 | M=36 TeV: t=  392.0 um m= 110.3 g F_N(0.2 kg)=8.6e-11 N  F_sc/F_N@T2=0.0034
kappa/mu=100   F_scalar=1.2679 v^2 | M= 6 TeV: t=   36.3 um m=  10.2 g F_N(0.2 kg)=8.0e-12 N  F_sc/F_N@T2=0.038 | M=15 TeV: t=  226.9 um m=  63.9 g F_N(0.2 kg)=5.0e-11 N  F_sc/F_N@T2=0.0061 | M=36 TeV: t= 1306.7 um m= 367.8 g F_N(0.2 kg)=2.9e-10 N  F_sc/F_N@T2=0.0011
kappa/mu=300   F_scalar=1.2816 v^2 | M= 6 TeV: t=  108.9 um m=  30.7 g F_N(0.2 kg)=2.4e-11 N  F_sc/F_N@T2=0.013 | M=15 TeV: t=  680.6 um m= 191.6 g F_N(0.2 kg)=1.5e-10 N  F_sc/F_N@T2=0.0021 | M=36 TeV: t= 3920.2 um m=1103.5 g F_N(0.2 kg)=8.6e-10 N  F_sc/F_N@T2=0.00036
kappa/mu=Dir   F_scalar=1.2883 v^2

--- Cu foil disk radius W=2.0/mu (20 cm), centre-to-foil 1.0/mu (gap 7 cm at 1/mu=10 cm) ---
kappa/mu=1     F_scalar=0.5089 v^2 | M= 6 TeV: t=    0.4 um m=   0.4 g F_N(0.2 kg)=1.5e-13 N  F_sc/F_N@T2=0.81 | M=15 TeV: t=    2.3 um m=   2.6 g F_N(0.2 kg)=9.4e-13 N  F_sc/F_N@T2=0.13 | M=36 TeV: t=   13.1 um m=  14.7 g F_N(0.2 kg)=5.4e-12 N  F_sc/F_N@T2=0.023
kappa/mu=3     F_scalar=0.9185 v^2 | M= 6 TeV: t=    1.1 um m=   1.2 g F_N(0.2 kg)=4.5e-13 N  F_sc/F_N@T2=0.49 | M=15 TeV: t=    6.8 um m=   7.7 g F_N(0.2 kg)=2.8e-12 N  F_sc/F_N@T2=0.078 | M=36 TeV: t=   39.2 um m=  44.1 g F_N(0.2 kg)=1.6e-11 N  F_sc/F_N@T2=0.014
kappa/mu=10    F_scalar=1.1342 v^2 | M= 6 TeV: t=    3.6 um m=   4.1 g F_N(0.2 kg)=1.5e-12 N  F_sc/F_N@T2=0.18 | M=15 TeV: t=   22.7 um m=  25.5 g F_N(0.2 kg)=9.4e-12 N  F_sc/F_N@T2=0.029 | M=36 TeV: t=  130.7 um m= 147.1 g F_N(0.2 kg)=5.4e-11 N  F_sc/F_N@T2=0.005
kappa/mu=30    F_scalar=1.1634 v^2 | M= 6 TeV: t=   10.9 um m=  12.3 g F_N(0.2 kg)=4.5e-12 N  F_sc/F_N@T2=0.062 | M=15 TeV: t=   68.1 um m=  76.6 g F_N(0.2 kg)=2.8e-11 N  F_sc/F_N@T2=0.0099 | M=36 TeV: t=  392.0 um m= 441.4 g F_N(0.2 kg)=1.6e-10 N  F_sc/F_N@T2=0.0017
kappa/mu=100   F_scalar=1.1629 v^2 | M= 6 TeV: t=   36.3 um m=  40.9 g F_N(0.2 kg)=1.5e-11 N  F_sc/F_N@T2=0.019 | M=15 TeV: t=  226.9 um m= 255.4 g F_N(0.2 kg)=9.4e-11 N  F_sc/F_N@T2=0.003 | M=36 TeV: t= 1306.7 um m=1471.3 g F_N(0.2 kg)=5.4e-10 N  F_sc/F_N@T2=0.00051
kappa/mu=300   F_scalar=1.1611 v^2 | M= 6 TeV: t=  108.9 um m= 122.6 g F_N(0.2 kg)=4.5e-11 N  F_sc/F_N@T2=0.0062 | M=15 TeV: t=  680.6 um m= 766.3 g F_N(0.2 kg)=2.8e-10 N  F_sc/F_N@T2=0.00099 | M=36 TeV: t= 3920.2 um m=4413.9 g F_N(0.2 kg)=1.6e-09 N  F_sc/F_N@T2=0.00017
kappa/mu=Dir   F_scalar=1.1598 v^2

solid 3 cm Cu sphere on the same 0.2 kg hollow test body at 14 cm: F_N = 5.5e-09 N ; scalar/Newton at Tier 2 = 5.2e-05
