d=1.40 F~=1.2005 res=7e-13
d=1.60 F~=0.9479 res=8e-13
d=1.80 F~=0.7244 res=7e-13
d=2.00 F~=0.5408 res=7e-13
d=2.20 F~=0.3976 res=7e-13
d=2.40 F~=0.2896 res=5e-13
d=2.60 F~=0.2101 res=6e-13
d=2.80 F~=0.1521 res=5e-13
d=3.00 F~=0.1102 res=6e-13
d=3.20 F~=0.0798 res=7e-13
d=3.40 F~=0.0577 res=8e-13
d=3.60 F~=0.0415 res=6e-13
d=3.80 F~=0.0297 res=7e-13
d=4.00 F~=0.0209 res=7e-13
tail C=14.419 Utail=0.0126
d=1.40  F~=1.2005  U=-0.8510
d=1.60  F~=0.9479  U=-0.6362
d=1.80  F~=0.7244  U=-0.4690
d=2.00  F~=0.5408  U=-0.3424
d=2.20  F~=0.3976  U=-0.2486
d=2.40  F~=0.2896  U=-0.1799
d=2.60  F~=0.2101  U=-0.1299
d=2.80  F~=0.1521  U=-0.0937
d=3.00  F~=0.1102  U=-0.0675
d=3.20  F~=0.0798  U=-0.0485
d=3.40  F~=0.0577  U=-0.0347
d=3.60  F~=0.0415  U=-0.0248
d=3.80  F~=0.0297  U=-0.0177
d=4.00  F~=0.0209  U=-0.0126

Dumbbell b=0.6: d_near=1.40 d_far=2.60 d_perp=2.088 -> U: -0.8510 -0.1299 -0.3011
pairwise proxy  E(0)-E(90) = -0.3787 v^2/mu   |dE| = 0.3787 ;  S*b = 0.7203 ;  |dE|/(S b) = 0.526
pairwise harmonics: E2=-0.1893 E4=-0.0174 (E4/E2=0.092)
Newton (solid 1.01 kg): E(0)-E(90) = -7.703e-10 N m ; F_N b = 1.671e-09 N m ; ratio -0.461
   scalar/Newton torque ratio per v2[N]: 4.916e+07 /N  vs on-axis force ratio S/F_N = 4.309e+07 /N  (with S=1.200)
Newton (hollow 0.2 kg): E(0)-E(90) = -1.525e-10 N m ; F_N b = 3.310e-10 N m ; ratio -0.461
   scalar/Newton torque ratio per v2[N]: 2.483e+08 /N  vs on-axis force ratio S/F_N = 2.176e+08 /N  (with S=1.200)
