LO chiral fits (np, phases at T_lab = 10 MeV):
  R0=1.0 fm: C_1S0=-355.2, C_3S1=-102.0 MeV fm^3
  R0=1.2 fm: C_1S0=-429.6, C_3S1=-349.4 MeV fm^3

phase shifts (deg) vs PWA93 [1S0 | 3S1 | 3D1 | eps1] at T_lab = 50, 100, 200, 300 MeV:
  chiLO R0=1.0   T_lab~  48: 1S0   54.4/  40.5  3S1   68.5/  62.8  3D1   -6.1/  -6.4  eps1   1.0/  2.1
  chiLO R0=1.0   T_lab~  96: 1S0   48.2/  26.8  3S1   52.4/  43.2  3D1  -11.9/ -12.2  eps1  -0.3/  2.4
  chiLO R0=1.0   T_lab~ 200: 1S0   38.9/   8.9  3S1   34.9/  21.2  3D1  -20.4/ -19.7  eps1  -3.1/  3.1
  chiLO R0=1.0   T_lab~ 296: 1S0   33.0/  -4.5  3S1   25.9/   6.6  3D1  -25.3/ -24.1  eps1  -5.7/  4.0
  chiLO R0=1.2   T_lab~  48: 1S0   51.8/  40.5  3S1   68.4/  62.8  3D1   -5.8/  -6.4  eps1   0.3/  2.1
  chiLO R0=1.2   T_lab~  96: 1S0   44.2/  26.8  3S1   52.5/  43.2  3D1  -11.1/ -12.2  eps1  -1.5/  2.4
  chiLO R0=1.2   T_lab~ 200: 1S0   33.5/   8.9  3S1   35.5/  21.2  3D1  -18.3/ -19.7  eps1  -5.4/  3.1
  chiLO R0=1.2   T_lab~ 296: 1S0   27.3/  -4.5  3S1   27.4/   6.6  3D1  -21.9/ -24.1  eps1  -8.7/  4.0
  AV18           T_lab~  48: 1S0   40.8/  40.5  3S1   64.0/  62.8  3D1   -6.0/  -6.4  eps1   2.1/  2.1
  AV18           T_lab~  96: 1S0   26.9/  26.8  3S1   44.7/  43.2  3D1  -11.6/ -12.2  eps1   2.5/  2.4
  AV18           T_lab~ 200: 1S0    8.0/   8.9  3S1   21.9/  21.2  3D1  -19.8/ -19.7  eps1   3.4/  3.1
  AV18           T_lab~ 296: 1S0   -4.1/  -4.5  3S1    8.6/   6.6  3D1  -24.7/ -24.1  eps1   4.4/  4.0

diagonal check sigma_tr(E,E)/soft (should be 1) and finite-omega ratio |F(E_f,E_i)|^2 / |F_soft(kbar)|^2 at w/E = 0.5, 0.8:
  chiLO R0=1.0   E=24: diag 1.002, r(0.5)=1.11, r(0.8)=1.67 | E=48: diag 1.001, r(0.5)=1.10, r(0.8)=1.82 | E=100: diag 1.000, r(0.5)=1.05, r(0.8)=1.80 | E=148: diag 1.000, r(0.5)=1.00, r(0.8)=1.67
  chiLO R0=1.2   E=24: diag 1.003, r(0.5)=1.11, r(0.8)=1.67 | E=48: diag 1.001, r(0.5)=1.10, r(0.8)=1.80 | E=100: diag 1.000, r(0.5)=1.05, r(0.8)=1.74 | E=148: diag 1.000, r(0.5)=0.99, r(0.8)=1.59
  AV18           E=24: diag 1.005, r(0.5)=1.12, r(0.8)=1.66 | E=48: diag 1.002, r(0.5)=1.14, r(0.8)=1.87 | E=100: diag 1.001, r(0.5)=1.16, r(0.8)=2.04 | E=148: diag 1.001, r(0.5)=1.18, r(0.8)=2.10

thermal S-wave trace integral (np, MB): A_fin/A_soft and A_fin relative to AV18
  T=20: chiLO R0=1.0: fin/soft=2.52 (A_fin=3.968e+03)  chiLO R0=1.2: fin/soft=2.43 (A_fin=3.609e+03)  AV18: fin/soft=2.95 (A_fin=7.813e+03)  [chiLO R0=1.0/AV18: fin 0.51, soft 0.59] [chiLO R0=1.2/AV18: fin 0.46, soft 0.56] 
  T=30: chiLO R0=1.0: fin/soft=2.31 (A_fin=2.366e+04)  chiLO R0=1.2: fin/soft=2.32 (A_fin=2.093e+04)  AV18: fin/soft=3.08 (A_fin=5.890e+04)  [chiLO R0=1.0/AV18: fin 0.40, soft 0.53] [chiLO R0=1.2/AV18: fin 0.36, soft 0.47] 
  T=40: chiLO R0=1.0: fin/soft=2.06 (A_fin=7.595e+04)  chiLO R0=1.2: fin/soft=2.30 (A_fin=6.918e+04)  AV18: fin/soft=3.11 (A_fin=2.393e+05)  [chiLO R0=1.0/AV18: fin 0.32, soft 0.48] [chiLO R0=1.2/AV18: fin 0.29, soft 0.39] 
